starting
starting model
building
dataset prepared
preparing data
images embedded
Running PCA since dimensions don't match
adjusting image data to gene expression dimension
preparing data
images embedded
Running PCA since dimensions don't match
adjusting image data to gene expression dimension
data prepared
[512, 512, 512]
[512, 512, 512]
0
1
2
3
4
5
[[ 1.3144660e+00 -4.2879018e-03 -2.6895994e-01 ... -5.6416374e-01
  -5.1960689e-01  3.0537078e-01]
 [-3.3121926e-01  1.0151172e+00 -1.3408892e-01 ... -6.4830559e-01
  -1.0003400e-01 -1.8267120e-01]
 [ 1.8752441e+00 -3.2247685e-02 -2.8939825e-01 ... -5.4986733e-01
  -5.9212601e-01  5.9940302e-01]
 ...
 [ 1.4271449e+00  7.3917270e-02 -2.6659772e-01 ... -5.6778049e-01
  -5.1665658e-01  4.4163737e-01]
 [ 6.3452148e-01  2.9758555e-01 -2.1967728e-01 ... -5.8548051e-01
  -4.2428032e-01 -4.4085830e-04]
 [-4.0644652e-01  8.6481380e-01 -8.2125373e-02 ... -6.3221782e-01
  -2.5609301e-03 -1.7021091e-01]]
